// Jest Snapshot v1, https://goo.gl/fbAQLP

exports[`Wang-Link link-snapshot 1`] = `
<a
  class="disabled underlined"
/>
`;
